echo '#define GIT_ID "'$(git describe --dirty --always --tags)'"' > version.h.tmp
echo '#define SOURCE_DATE "'$(date +'%b %d %Y %H:%M:%S' --date=@$(git log -n1 --pretty='format:%ct'))'"' >> version.h.tmp
mv -f version.h.tmp version.h
flock  lock_dir ./saftbus-gen-local src/CommonFunctions.hpp -o src
rm -rf lock_dir
flock  lock_dir ./saftbus-gen-local src/FunctionGeneratorImpl.hpp -o src
rm -rf lock_dir
make  all-recursive
make[1]: Entering directory '/home/agr/dev/saftlib'
Making all in .
make[2]: Entering directory '/home/agr/dev/saftlib'
echo '#define GIT_ID "'$(git describe --dirty --always --tags)'"' > version.h.tmp
echo '#define SOURCE_DATE "'$(date +'%b %d %Y %H:%M:%S' --date=@$(git log -n1 --pretty='format:%ct'))'"' >> version.h.tmp
mv -f version.h.tmp version.h
depbase=`echo src/build.lo | sed 's|[^/]*$|.deps/&|;s|\.lo$||'`;\
/bin/bash ./libtool  --tag=CXX   --mode=compile g++ -DPACKAGE_NAME=\"saftlib\" -DPACKAGE_TARNAME=\"saftlib\" -DPACKAGE_VERSION=\"3.3.1\" -DPACKAGE_STRING=\"saftlib\ 3.3.1\" -DPACKAGE_BUGREPORT=\"\" -DPACKAGE_URL=\"\" -DHAVE_STDIO_H=1 -DHAVE_STDLIB_H=1 -DHAVE_STRING_H=1 -DHAVE_INTTYPES_H=1 -DHAVE_STDINT_H=1 -DHAVE_STRINGS_H=1 -DHAVE_SYS_STAT_H=1 -DHAVE_SYS_TYPES_H=1 -DHAVE_UNISTD_H=1 -DSTDC_HEADERS=1 -DHAVE_DLFCN_H=1 -DLT_OBJDIR=\".libs/\" -DPACKAGE=\"saftlib\" -DVERSION=\"3.3.1\" -DHAVE_CXX11=1 -DOPERATING_SYSTEM=\"Debian\ GNU/Linux\ 13\ \(trixie\)\" -DHOSTNAME=\"sadpc085\" -DUSERNAME=\"agr\" -I.  -Wall -g  -I/usr/include/sigc++-2.0 -I/usr/lib/x86_64-linux-gnu/sigc++-2.0/include  -I/usr/local/include  -I/usr/local/include  -I ./saftbus -I ./src -I ./src -I ./src/interfaces -I ./src/interfaces -DDATADIR='"/usr/local/share/saftlib"'   -g -O2 -MT src/build.lo -MD -MP -MF $depbase.Tpo -c -o src/build.lo src/build.cpp &&\
mv -f $depbase.Tpo $depbase.Plo
libtool: compile:  g++ -DPACKAGE_NAME=\"saftlib\" -DPACKAGE_TARNAME=\"saftlib\" -DPACKAGE_VERSION=\"3.3.1\" "-DPACKAGE_STRING=\"saftlib 3.3.1\"" -DPACKAGE_BUGREPORT=\"\" -DPACKAGE_URL=\"\" -DHAVE_STDIO_H=1 -DHAVE_STDLIB_H=1 -DHAVE_STRING_H=1 -DHAVE_INTTYPES_H=1 -DHAVE_STDINT_H=1 -DHAVE_STRINGS_H=1 -DHAVE_SYS_STAT_H=1 -DHAVE_SYS_TYPES_H=1 -DHAVE_UNISTD_H=1 -DSTDC_HEADERS=1 -DHAVE_DLFCN_H=1 -DLT_OBJDIR=\".libs/\" -DPACKAGE=\"saftlib\" -DVERSION=\"3.3.1\" -DHAVE_CXX11=1 "-DOPERATING_SYSTEM=\"Debian GNU/Linux 13 (trixie)\"" -DHOSTNAME=\"sadpc085\" -DUSERNAME=\"agr\" -I. -Wall -g -I/usr/include/sigc++-2.0 -I/usr/lib/x86_64-linux-gnu/sigc++-2.0/include -I/usr/local/include -I/usr/local/include -I ./saftbus -I ./src -I ./src -I ./src/interfaces -I ./src/interfaces -DDATADIR=\"/usr/local/share/saftlib\" -g -O2 -MT src/build.lo -MD -MP -MF src/.deps/build.Tpo -c src/build.cpp  -fPIC -DPIC -o src/.libs/build.o
libtool: compile:  g++ -DPACKAGE_NAME=\"saftlib\" -DPACKAGE_TARNAME=\"saftlib\" -DPACKAGE_VERSION=\"3.3.1\" "-DPACKAGE_STRING=\"saftlib 3.3.1\"" -DPACKAGE_BUGREPORT=\"\" -DPACKAGE_URL=\"\" -DHAVE_STDIO_H=1 -DHAVE_STDLIB_H=1 -DHAVE_STRING_H=1 -DHAVE_INTTYPES_H=1 -DHAVE_STDINT_H=1 -DHAVE_STRINGS_H=1 -DHAVE_SYS_STAT_H=1 -DHAVE_SYS_TYPES_H=1 -DHAVE_UNISTD_H=1 -DSTDC_HEADERS=1 -DHAVE_DLFCN_H=1 -DLT_OBJDIR=\".libs/\" -DPACKAGE=\"saftlib\" -DVERSION=\"3.3.1\" -DHAVE_CXX11=1 "-DOPERATING_SYSTEM=\"Debian GNU/Linux 13 (trixie)\"" -DHOSTNAME=\"sadpc085\" -DUSERNAME=\"agr\" -I. -Wall -g -I/usr/include/sigc++-2.0 -I/usr/lib/x86_64-linux-gnu/sigc++-2.0/include -I/usr/local/include -I/usr/local/include -I ./saftbus -I ./src -I ./src -I ./src/interfaces -I ./src/interfaces -DDATADIR=\"/usr/local/share/saftlib\" -g -O2 -MT src/build.lo -MD -MP -MF src/.deps/build.Tpo -c src/build.cpp -o src/build.o >/dev/null 2>&1
/bin/bash ./libtool  --tag=CXX   --mode=link g++  -g -O2 -Wl,--export-dynamic -version-info 13:1:3   -o libsaft-service.la -rpath /usr/local/lib src/build.lo src/Time.lo src/eb-source.lo src/eb-forward.lo src/Owned.lo src/Owned_Service.lo src/SAFTd.lo src/SAFTd_Service.lo src/Condition.lo src/Condition_Service.lo src/ActionSink.lo src/ActionSink_Service.lo src/SoftwareCondition.lo src/SoftwareCondition_Service.lo src/SoftwareActionSink.lo src/SoftwareActionSink_Service.lo src/SCUbusCondition.lo src/SCUbusCondition_Service.lo src/SCUbusActionSink.lo src/SCUbusActionSink_Service.lo src/EmbeddedCPUCondition.lo src/EmbeddedCPUCondition_Service.lo src/EmbeddedCPUActionSink.lo src/EmbeddedCPUActionSink_Service.lo src/WbmCondition.lo src/WbmCondition_Service.lo src/WbmActionSink.lo src/WbmActionSink_Service.lo src/SdbDevice.lo src/MsiDevice.lo src/OpenDevice.lo src/WhiteRabbit.lo src/Mailbox.lo src/Watchdog.lo src/SerdesClockGen.lo src/Io.lo src/IoControl.lo src/Output.lo src/Output_Service.lo src/OutputCondition.lo src/OutputCondition_Service.lo src/EventSource.lo src/Input.lo src/Input_Service.lo src/ECA.lo src/ECA_TLU.lo src/ECA_Event.lo src/BuildIdRom.lo src/TempSensor.lo src/Reset.lo src/LM32Cluster.lo src/TimingReceiver.lo src/TimingReceiver_Service.lo src/TimingReceiverAddon.lo src/CommonFunctions.lo src/create_service.lo -L/usr/local/lib -letherbone    -lsigc-2.0  -ldl  
libtool: link: rm -fr  .libs/libsaft-service.a .libs/libsaft-service.la .libs/libsaft-service.lai .libs/libsaft-service.so .libs/libsaft-service.so.10 .libs/libsaft-service.so.10.3.1
libtool: link: g++  -fPIC -DPIC -shared -nostdlib /usr/lib/gcc/x86_64-linux-gnu/14/../../../x86_64-linux-gnu/crti.o /usr/lib/gcc/x86_64-linux-gnu/14/crtbeginS.o  src/.libs/build.o src/.libs/Time.o src/.libs/eb-source.o src/.libs/eb-forward.o src/.libs/Owned.o src/.libs/Owned_Service.o src/.libs/SAFTd.o src/.libs/SAFTd_Service.o src/.libs/Condition.o src/.libs/Condition_Service.o src/.libs/ActionSink.o src/.libs/ActionSink_Service.o src/.libs/SoftwareCondition.o src/.libs/SoftwareCondition_Service.o src/.libs/SoftwareActionSink.o src/.libs/SoftwareActionSink_Service.o src/.libs/SCUbusCondition.o src/.libs/SCUbusCondition_Service.o src/.libs/SCUbusActionSink.o src/.libs/SCUbusActionSink_Service.o src/.libs/EmbeddedCPUCondition.o src/.libs/EmbeddedCPUCondition_Service.o src/.libs/EmbeddedCPUActionSink.o src/.libs/EmbeddedCPUActionSink_Service.o src/.libs/WbmCondition.o src/.libs/WbmCondition_Service.o src/.libs/WbmActionSink.o src/.libs/WbmActionSink_Service.o src/.libs/SdbDevice.o src/.libs/MsiDevice.o src/.libs/OpenDevice.o src/.libs/WhiteRabbit.o src/.libs/Mailbox.o src/.libs/Watchdog.o src/.libs/SerdesClockGen.o src/.libs/Io.o src/.libs/IoControl.o src/.libs/Output.o src/.libs/Output_Service.o src/.libs/OutputCondition.o src/.libs/OutputCondition_Service.o src/.libs/EventSource.o src/.libs/Input.o src/.libs/Input_Service.o src/.libs/ECA.o src/.libs/ECA_TLU.o src/.libs/ECA_Event.o src/.libs/BuildIdRom.o src/.libs/TempSensor.o src/.libs/Reset.o src/.libs/LM32Cluster.o src/.libs/TimingReceiver.o src/.libs/TimingReceiver_Service.o src/.libs/TimingReceiverAddon.o src/.libs/CommonFunctions.o src/.libs/create_service.o   -L/usr/local/lib /usr/local/lib/libetherbone.so -lsigc-2.0 -ldl -L/usr/lib/gcc/x86_64-linux-gnu/14 -L/usr/lib/gcc/x86_64-linux-gnu/14/../../../x86_64-linux-gnu -L/usr/lib/gcc/x86_64-linux-gnu/14/../../../../lib -L/lib/x86_64-linux-gnu -L/lib/../lib -L/usr/lib/x86_64-linux-gnu -L/usr/lib/../lib -L/usr/lib/gcc/x86_64-linux-gnu/14/../../.. -lstdc++ -lm -lc -lgcc_s /usr/lib/gcc/x86_64-linux-gnu/14/crtendS.o /usr/lib/gcc/x86_64-linux-gnu/14/../../../x86_64-linux-gnu/crtn.o  -g -O2 -Wl,--export-dynamic   -Wl,-soname -Wl,libsaft-service.so.10 -o .libs/libsaft-service.so.10.3.1
libtool: link: (cd ".libs" && rm -f "libsaft-service.so.10" && ln -s "libsaft-service.so.10.3.1" "libsaft-service.so.10")
libtool: link: (cd ".libs" && rm -f "libsaft-service.so" && ln -s "libsaft-service.so.10.3.1" "libsaft-service.so")
libtool: link: ar cr .libs/libsaft-service.a  src/build.o src/Time.o src/eb-source.o src/eb-forward.o src/Owned.o src/Owned_Service.o src/SAFTd.o src/SAFTd_Service.o src/Condition.o src/Condition_Service.o src/ActionSink.o src/ActionSink_Service.o src/SoftwareCondition.o src/SoftwareCondition_Service.o src/SoftwareActionSink.o src/SoftwareActionSink_Service.o src/SCUbusCondition.o src/SCUbusCondition_Service.o src/SCUbusActionSink.o src/SCUbusActionSink_Service.o src/EmbeddedCPUCondition.o src/EmbeddedCPUCondition_Service.o src/EmbeddedCPUActionSink.o src/EmbeddedCPUActionSink_Service.o src/WbmCondition.o src/WbmCondition_Service.o src/WbmActionSink.o src/WbmActionSink_Service.o src/SdbDevice.o src/MsiDevice.o src/OpenDevice.o src/WhiteRabbit.o src/Mailbox.o src/Watchdog.o src/SerdesClockGen.o src/Io.o src/IoControl.o src/Output.o src/Output_Service.o src/OutputCondition.o src/OutputCondition_Service.o src/EventSource.o src/Input.o src/Input_Service.o src/ECA.o src/ECA_TLU.o src/ECA_Event.o src/BuildIdRom.o src/TempSensor.o src/Reset.o src/LM32Cluster.o src/TimingReceiver.o src/TimingReceiver_Service.o src/TimingReceiverAddon.o src/CommonFunctions.o src/create_service.o
libtool: link: ranlib .libs/libsaft-service.a
libtool: link: ( cd ".libs" && rm -f "libsaft-service.la" && ln -s "../libsaft-service.la" "libsaft-service.la" )
/bin/bash ./libtool  --tag=CXX   --mode=link g++  -g -O2   -o soft-tr src/soft-tr.o -L/usr/local/lib -letherbone   -lsigc-2.0  libsaftbus.la libsaft-service.la  -ldl  
libtool: link: g++ -g -O2 -o .libs/soft-tr src/soft-tr.o  -L/usr/local/lib /usr/local/lib/libetherbone.so -lsigc-2.0 ./.libs/libsaftbus.so ./.libs/libsaft-service.so -ldl
/bin/bash ./libtool  --tag=CXX   --mode=link g++  -g -O2   -o wait-msi src/wait-msi.o -L/usr/local/lib -letherbone   -lsigc-2.0  libsaftbus.la libsaft-service.la  -ldl  
libtool: link: g++ -g -O2 -o .libs/wait-msi src/wait-msi.o  -L/usr/local/lib /usr/local/lib/libetherbone.so -lsigc-2.0 ./.libs/libsaftbus.so ./.libs/libsaft-service.so -ldl
/bin/bash ./libtool  --tag=CXX   --mode=link g++  -g -O2   -o saft-standalone-mbox src/saft-standalone-mbox.o -L/usr/local/lib -letherbone   -lsigc-2.0  libsaftbus.la libsaft-service.la  -ldl  
libtool: link: g++ -g -O2 -o .libs/saft-standalone-mbox src/saft-standalone-mbox.o  -L/usr/local/lib /usr/local/lib/libetherbone.so -lsigc-2.0 ./.libs/libsaftbus.so ./.libs/libsaft-service.so -ldl
/bin/bash ./libtool  --tag=CXX   --mode=link g++  -g -O2   -o saft-standalone-roundtrip-latency src/saft-standalone-roundtrip-latency.o -L/usr/local/lib -letherbone   -lsigc-2.0  libsaftbus.la libsaft-service.la  -ldl  
libtool: link: g++ -g -O2 -o .libs/saft-standalone-roundtrip-latency src/saft-standalone-roundtrip-latency.o  -L/usr/local/lib /usr/local/lib/libetherbone.so -lsigc-2.0 ./.libs/libsaftbus.so ./.libs/libsaft-service.so -ldl
/bin/bash ./libtool  --tag=CXX   --mode=link g++  -g -O2 -Wl,--export-dynamic   -o libfg-firmware-service.la -rpath /usr/local/lib src/FunctionGenerator.lo src/FunctionGenerator_Service.lo src/MasterFunctionGenerator.lo src/MasterFunctionGenerator_Service.lo src/FunctionGeneratorImpl.lo src/FunctionGeneratorFirmware.lo src/FunctionGeneratorFirmware_Service.lo src/fg_firmware_create_service.lo -lsigc-2.0  libsaftbus.la libsaft-service.la  -ldl 
libtool: link: rm -fr  .libs/libfg-firmware-service.a .libs/libfg-firmware-service.la .libs/libfg-firmware-service.lai .libs/libfg-firmware-service.so .libs/libfg-firmware-service.so.0 .libs/libfg-firmware-service.so.0.0.0
libtool: link: g++  -fPIC -DPIC -shared -nostdlib /usr/lib/gcc/x86_64-linux-gnu/14/../../../x86_64-linux-gnu/crti.o /usr/lib/gcc/x86_64-linux-gnu/14/crtbeginS.o  src/.libs/FunctionGenerator.o src/.libs/FunctionGenerator_Service.o src/.libs/MasterFunctionGenerator.o src/.libs/MasterFunctionGenerator_Service.o src/.libs/FunctionGeneratorImpl.o src/.libs/FunctionGeneratorFirmware.o src/.libs/FunctionGeneratorFirmware_Service.o src/.libs/fg_firmware_create_service.o   -Wl,-rpath -Wl,/home/agr/dev/saftlib/.libs -lsigc-2.0 ./.libs/libsaftbus.so ./.libs/libsaft-service.so -ldl -L/usr/lib/gcc/x86_64-linux-gnu/14 -L/usr/lib/gcc/x86_64-linux-gnu/14/../../../x86_64-linux-gnu -L/usr/lib/gcc/x86_64-linux-gnu/14/../../../../lib -L/lib/x86_64-linux-gnu -L/lib/../lib -L/usr/lib/x86_64-linux-gnu -L/usr/lib/../lib -L/usr/lib/gcc/x86_64-linux-gnu/14/../../.. -lstdc++ -lm -lc -lgcc_s /usr/lib/gcc/x86_64-linux-gnu/14/crtendS.o /usr/lib/gcc/x86_64-linux-gnu/14/../../../x86_64-linux-gnu/crtn.o  -g -O2 -Wl,--export-dynamic   -Wl,-soname -Wl,libfg-firmware-service.so.0 -o .libs/libfg-firmware-service.so.0.0.0
libtool: link: (cd ".libs" && rm -f "libfg-firmware-service.so.0" && ln -s "libfg-firmware-service.so.0.0.0" "libfg-firmware-service.so.0")
libtool: link: (cd ".libs" && rm -f "libfg-firmware-service.so" && ln -s "libfg-firmware-service.so.0.0.0" "libfg-firmware-service.so")
libtool: link: ar cr .libs/libfg-firmware-service.a  src/FunctionGenerator.o src/FunctionGenerator_Service.o src/MasterFunctionGenerator.o src/MasterFunctionGenerator_Service.o src/FunctionGeneratorImpl.o src/FunctionGeneratorFirmware.o src/FunctionGeneratorFirmware_Service.o src/fg_firmware_create_service.o
libtool: link: ranlib .libs/libfg-firmware-service.a
libtool: link: ( cd ".libs" && rm -f "libfg-firmware-service.la" && ln -s "../libfg-firmware-service.la" "libfg-firmware-service.la" )
/bin/bash ./libtool  --tag=CXX   --mode=link g++  -g -O2   -o libbg-firmware-service.la -rpath /usr/local/lib src/BurstGenerator.lo src/BurstGenerator_Service.lo src/bg_firmware_create_service.lo -lsigc-2.0  libsaftbus.la libsaft-service.la -ldl 
libtool: link: rm -fr  .libs/libbg-firmware-service.a .libs/libbg-firmware-service.la .libs/libbg-firmware-service.lai .libs/libbg-firmware-service.so .libs/libbg-firmware-service.so.0 .libs/libbg-firmware-service.so.0.0.0
libtool: link: g++  -fPIC -DPIC -shared -nostdlib /usr/lib/gcc/x86_64-linux-gnu/14/../../../x86_64-linux-gnu/crti.o /usr/lib/gcc/x86_64-linux-gnu/14/crtbeginS.o  src/.libs/BurstGenerator.o src/.libs/BurstGenerator_Service.o src/.libs/bg_firmware_create_service.o   -Wl,-rpath -Wl,/home/agr/dev/saftlib/.libs -lsigc-2.0 ./.libs/libsaftbus.so ./.libs/libsaft-service.so -ldl -L/usr/lib/gcc/x86_64-linux-gnu/14 -L/usr/lib/gcc/x86_64-linux-gnu/14/../../../x86_64-linux-gnu -L/usr/lib/gcc/x86_64-linux-gnu/14/../../../../lib -L/lib/x86_64-linux-gnu -L/lib/../lib -L/usr/lib/x86_64-linux-gnu -L/usr/lib/../lib -L/usr/lib/gcc/x86_64-linux-gnu/14/../../.. -lstdc++ -lm -lc -lgcc_s /usr/lib/gcc/x86_64-linux-gnu/14/crtendS.o /usr/lib/gcc/x86_64-linux-gnu/14/../../../x86_64-linux-gnu/crtn.o  -g -O2   -Wl,-soname -Wl,libbg-firmware-service.so.0 -o .libs/libbg-firmware-service.so.0.0.0
libtool: link: (cd ".libs" && rm -f "libbg-firmware-service.so.0" && ln -s "libbg-firmware-service.so.0.0.0" "libbg-firmware-service.so.0")
libtool: link: (cd ".libs" && rm -f "libbg-firmware-service.so" && ln -s "libbg-firmware-service.so.0.0.0" "libbg-firmware-service.so")
libtool: link: ar cr .libs/libbg-firmware-service.a  src/BurstGenerator.o src/BurstGenerator_Service.o src/bg_firmware_create_service.o
libtool: link: ranlib .libs/libbg-firmware-service.a
libtool: link: ( cd ".libs" && rm -f "libbg-firmware-service.la" && ln -s "../libbg-firmware-service.la" "libbg-firmware-service.la" )
make[2]: Leaving directory '/home/agr/dev/saftlib'
Making all in test
make[2]: Entering directory '/home/agr/dev/saftlib/test'
Making all in system
make[3]: Entering directory '/home/agr/dev/saftlib/test/system'
Making all in FunctionGenerator
make[4]: Entering directory '/home/agr/dev/saftlib/test/system/FunctionGenerator'
make[4]: Nothing to be done for 'all'.
make[4]: Leaving directory '/home/agr/dev/saftlib/test/system/FunctionGenerator'
make[4]: Entering directory '/home/agr/dev/saftlib/test/system'
make[4]: Nothing to be done for 'all-am'.
make[4]: Leaving directory '/home/agr/dev/saftlib/test/system'
make[3]: Leaving directory '/home/agr/dev/saftlib/test/system'
make[3]: Entering directory '/home/agr/dev/saftlib/test'
make[3]: Nothing to be done for 'all-am'.
make[3]: Leaving directory '/home/agr/dev/saftlib/test'
make[2]: Leaving directory '/home/agr/dev/saftlib/test'
make[1]: Leaving directory '/home/agr/dev/saftlib'
